[www.iolo.com/products/system-mechanic-professional/index.html]
[backblue.gif]
[fade.gif]
[index.html]
[cdn.iolo.com/content/plugins/sitepress-multilingual-cms/res/css/language-selector368f.css]
[cdn.iolo.com/content/plugins/sitepress-multilingual-cms/res/css/language-selector.css]
[cdn.iolo.com/content/plugins/wpml-cms-nav/res/css/cms-navigation-base4281.css]
[cdn.iolo.com/content/plugins/wpml-cms-nav/res/css/cms-navigation4281.css]
[cdn.iolo.com/content/plugins/wordpress-post-tabs/css/styles/gray/stylead05.css]
[cdn.iolo.com/content/plugins/LayerSlider/css/layerslider6e0e.css]
[cdn.iolo.com/content/plugins/super-rss-reader/public/srr-cssa7a0.css]
[cdn.iolo.com/content/themes/iolotheme/css/product-tabs5152.css]
[cdn.iolo.com/content/themes/iolotheme/css/style5152.css]
[cdn.iolo.com/content/themes/iolotheme/css/product-slider5152.css]
[cdn.iolo.com/content/themes/iolotheme/css/all-products5152.css]
[cdn.iolo.com/content/plugins/post-content-shortcodes/default-stylesf748.css]
[ajax.googleapis.com/ajax/libs/jquery/1.10.2/jquery.min.js]
[ajax.googleapis.com/ajax/libs/jqueryui/1.10.3/jquery-ui.min.js]
[cdn.iolo.com/wp-includes/js/jquery/jquery-migrate.min1576.js]
[cdn.iolo.com/content/plugins/super-rss-reader/public/srr-jsa7a0.js]
[w.sharethis.com/button/buttons.js]
[cdn.iolo.com/content/plugins/sitepress-multilingual-cms/res/js/sitepress.js]
[cdn.iolo.com/wp-content/uploads/images/iolo_logo.gif]
[cdn.iolo.com/content/uploads/new-cart.gif]
[cdn.iolo.com/wp-content/uploads/images/system-mechanic-pro/SM11/SystemMechanicPro_overviewImage.jpg]
[cdn.iolo.com/wp-content/uploads/productPage_worksWithWindows_graphic.jpg]
[cdn.iolo.com/content/uploads/SG_24x24yellow-version.png]
[cdn.iolo.com/wp-content/uploads/images/icons/features_icon_NetBooster.gif]
[cdn.iolo.com/wp-content/uploads/images/icons/features_icon_ActiveCare.gif]
[cdn.iolo.com/wp-content/uploads/images/icons/features_icon_TotalRegistryRevitalizer.gif]
[cdn.iolo.com/wp-content/uploads/images/icons/features_icon_AcceleWrite.gif]
[cdn.iolo.com/wp-content/uploads/images/icons/features_icon_PCCleanup.gif]
[cdn.iolo.com/wp-content/uploads/images/icons/features_icon_ProgramAccelerator.gif]
[cdn.iolo.com/wp-content/uploads/images/icons/features_icon_EnergyBooster.gif]
[cdn.iolo.com/wp-content/uploads/images/icons/features_icon_MemoryMechanic.gif]
[cdn.iolo.com/wp-content/uploads/images/icons/features_icon_CRUDDRemover.gif]
[cdn.iolo.com/wp-content/uploads/images/icons/features_icon_StartupOptimizer.gif]
[cdn.iolo.com/wp-content/uploads/images/icons/features_icon_PrivacyCleaner.gif]
[cdn.iolo.com/wp-content/uploads/images/security/side_column_lab_certified.gif]
[cdn.iolo.com/wp-content/uploads/images/awards/usa_today_logo.png]
[cdn.iolo.com/wp-content/uploads/images/awards/pcmag_small_icon.jpg]
[cdn.iolo.com/wp-content/uploads/images/awards/logo_WiredMagazine.jpg]
[cdn.iolo.com/wp-content/uploads/images/slider/logo_bestselling.jpg]
[cdn.iolo.com/wp-content/uploads/images/slider/logo_75MillionPCsRepaired.jpg]
[cdn.iolo.com/wp-content/themes/iolo/js/product-slides.min.jquery.js]
[cdn.iolo.com/wp-content/uploads/images/slider/logo_15YearsOfInnovation.jpg]
[cdn.iolo.com/wp-content/uploads/images/slider/logo_ioloLabs.jpg]
[cdn.iolo.com/wp-content/uploads/images/slider/logo_patented.jpg]
[cdn.iolo.com/wp-content/uploads/images/slider/logo_WholeHomeLicense.jpg]
[cdn.iolo.com/wp-content/uploads/images/slider/logo_freeProductSupport.jpg]
[cdn.iolo.com/wp-content/uploads/images/slider/logo_30DayMoneyBack.jpg]
[cdn.iolo.com/wp-content/uploads/images/slider/logo_MicrosoftCertifiedPartner.jpg]
[cdn.iolo.com/wp-content/uploads/images/slider/logo_frequentlyAskedQuestions.jpg]
[cdn.iolo.com/wp-content/uploads/2011/09/years-footer.gif]
[cdn.iolo.com/content/plugins/put/js/post-ui-tabsf488.js]
[www.iolo.com/products/system-mechanic-professional/index.html]
[cdn.iolo.com/content/plugins/LayerSlider/js/jquery-easing-1.36f3e.js]
[cdn.iolo.com/content/plugins/LayerSlider/js/layerslider.kreaturamedia.jquery6e0e.js]
[www.iolo.com/products/system-mechanic/index.html]
[cdn.iolo.com/wp-content/uploads/images/system-mechanic/SM11/SystemMechanic_overviewImage.jpg]
[www.iolo.com/products/system-mechanic/index.html]
[www.iolo.com/products/system-mechanic-business/index.html]
[cdn.iolo.com/content/uploads/smb-product.jpg]
[cdn.iolo.com/content/uploads/IT-Manager-ServerRooom1.jpg]
[cdn.iolo.com/content/uploads/productPage_worksWithWindows_graphic.jpg]
[cdn.iolo.com/wp-content/uploads/images/icons/features_icon_guidedRecommendations.gif]
[cdn.iolo.com/content/uploads/MS_logo.gif]
[cdn.iolo.com/content/uploads/compatible_with_win7_logo.gif]
[www.iolo.com/products/system-mechanic-business/index.html]
[www.iolo.com/products/system-shield/index.html]
[cdn.iolo.com/content/uploads/SS_BoxshotAndBoxshot.jpg]
[cdn.iolo.com/content/uploads/icon_iolo_antivirus.jpg]
[cdn.iolo.com/content/uploads/icon_hyperscan.jpg]
[cdn.iolo.com/content/uploads/icon_iolo_antispyware.jpg]
[cdn.iolo.com/content/uploads/icon_sentient.jpg]
[cdn.iolo.com/content/uploads/logo_ICSALabsCertified.jpg]
[cdn.iolo.com/content/uploads/logo_WestCoastLabsCertified.jpg]
[cdn.iolo.com/content/uploads/logo_VB100Certified.jpg]
[cdn.iolo.com/content/uploads/logo_gamerApproved.jpg]
[www.iolo.com/products/system-shield/index.html]
[www.iolo.com/products/search-and-recover/index.html]
[cdn.iolo.com/content/uploads/SR_BoxshotAndBoxshot.jpg]
[cdn.iolo.com/content/uploads/checkmark-black.jpg]
[www.iolo.com/products/search-and-recover/index.html]
[www.iolo.com/products/drivescrubber/index.html]
[cdn.iolo.com/content/uploads/DS_BoxshotAndBoxshot.jpg]
[cdn.iolo.com/content/uploads/ds_icon_customizable.jpg]
[cdn.iolo.com/content/uploads/ds_icon_gov.jpg]
[cdn.iolo.com/content/uploads/ds_icon_protection.jpg]
[cdn.iolo.com/content/uploads/ds_icon_scalibility.jpg]
[cdn.iolo.com/content/uploads/ds_icon_speed.jpg]
[cdn.iolo.com/content/uploads/ds_icon_wipewindows.jpg]
[cdn.iolo.com/content/uploads/miliyaryGrade.jpg]
[www.iolo.com/products/drivescrubber/index.html]
[cdn.iolo.com/content/plugins/sitepress-multilingual-cms/res/img/nav-arrow-down.png]
[cdn.iolo.com/content/plugins/sitepress-multilingual-cms/res/css/language-selector368f.css]
[cdn.iolo.com/content/plugins/sitepress-multilingual-cms/res/css/language-selector.css]
[cdn.iolo.com/content/plugins/wpml-cms-nav/res/css/navigation4281.css]
[cdn.iolo.com/content/plugins/wpml-cms-nav/res/css/cms-navigation-base4281.css]
[cdn.iolo.com/content/plugins/wpml-cms-nav/res/img/cms-nav-dark-s.gif]
[cdn.iolo.com/content/plugins/wpml-cms-nav/res/css/cms-navigation4281.css]
[cdn.iolo.com/content/plugins/wordpress-post-tabs/css/styles/gray/images/ui-bg_glass_75_e6e6e6_1x400.png]
[cdn.iolo.com/content/plugins/wordpress-post-tabs/css/styles/gray/images/ui-bg_glass_75_dadada_1x400.png]
[cdn.iolo.com/content/plugins/wordpress-post-tabs/css/styles/gray/images/ui-bg_glass_65_ffffff_1x400.png]
[cdn.iolo.com/content/plugins/wordpress-post-tabs/css/styles/gray/images/ui-bg_glass_55_fbf9ee_1x400.png]
[cdn.iolo.com/content/plugins/wordpress-post-tabs/css/styles/gray/images/ui-bg_glass_95_fef1ec_1x400.png]
[cdn.iolo.com/content/plugins/wordpress-post-tabs/css/styles/gray/images/ui-bg_flat_0_aaaaaa_40x100.png]
[cdn.iolo.com/content/plugins/wordpress-post-tabs/css/styles/gray/stylead05.css]
[cdn.iolo.com/content/plugins/LayerSlider/css/layerslider6e0e.css]
[cdn.iolo.com/content/plugins/super-rss-reader/public/srr-cssa7a0.css]
[cdn.iolo.com/content/uploads/product_body_sides_new.png]
[cdn.iolo.com/content/themes/iolotheme/css/product-tabs5152.css]
[cdn.iolo.com/wp-content/uploads/2011/09/iolo_header_bg.gif]
[cdn.iolo.com/wp-content/uploads/2011/09/iolo_header.gif]
[cdn.iolo.com/wp-content/uploads/2011/09/icon_international.png]
[cdn.iolo.com/wp-content/uploads/2011/09/iolo_header1.gif]
[cdn.iolo.com/content/themes/iolotheme/css/style5152.css]
[cdn.iolo.com/wp-content/uploads/images/slider/iolo_center_bg_small.jpg]
[cdn.iolo.com/wp-content/uploads/images/slider/icon_arrow_left.png]
[cdn.iolo.com/wp-content/uploads/images/slider/icon_arrow_right.png]
[cdn.iolo.com/wp-content/uploads/images/home-page/iolo_vhr_small.jpg]
[cdn.iolo.com/wp-content/uploads/images/home-page/iolo_center_bg_small.jpg]
[cdn.iolo.com/wp-content/uploads/images/home-page/iolo_bottom_shadow.jpg]
[cdn.iolo.com/content/themes/iolotheme/css/product-slider5152.css]
[cdn.iolo.com/wp-content/uploads/images/misc/purchase_pane_heading_bar.gif]
[cdn.iolo.com/wp-content/uploads/images/system-mechanic-pro/purchase_pane_bg.gif]
[cdn.iolo.com/wp-content/uploads/benefits_box_bg.jpg]
[cdn.iolo.com/wp-content/uploads/images/misc/red-dialogue-full-bg.jpg]
[cdn.iolo.com/wp-content/uploads/images/icons/icon_warning2.png]
[cdn.iolo.com/wp-content/uploads/images/misc/hint-dialogue-important-530x70.jpg]
[cdn.iolo.com/wp-content/uploads/images/icons/icon_solution.png]
[cdn.iolo.com/wp-content/uploads/images/misc/hint-dialogue-tip.jpg]
[cdn.iolo.com/wp-content/uploads/images/small-icons/bullet_link_right.png]
[cdn.iolo.com/wp-content/uploads/hint-dialogue-tip-2.jpg]
[cdn.iolo.com/wp-content/uploads/2011/09/purchase_pane_heading_bar.gif]
[cdn.iolo.com/wp-content/uploads/2011/09/purchase_pane_bg.gif]
[cdn.iolo.com/wp-content/uploads/2011/09/benefits_box_bg.jpg]
[cdn.iolo.com/wp-content/uploads/2011/09/right_submenu_th_bg.gif]
[cdn.iolo.com/wp-content/uploads/2011/09/ds_overview_top_panel.gif]
[cdn.iolo.com/wp-content/uploads/images/testimonial/testimonial_widget_top.gif]
[cdn.iolo.com/wp-content/uploads/images/testimonial/testimonial_widget_middle.gif]
[cdn.iolo.com/wp-content/uploads/images/testimonial/testimonial_widget_arrow.gif]
[cdn.iolo.com/wp-content/uploads/images/testimonial/testimonial_widget_bottom.gif]
[cdn.iolo.com/wp-content/uploads/images/misc/problem_solution_dialog_bg.gif]
[cdn.iolo.com/wp-content/uploads/images/misc/red_dialog_middle.gif]
[cdn.iolo.com/wp-content/uploads/images/misc/red_dialog_bottom.gif]
[cdn.iolo.com/wp-content/uploads/images/misc/gray_dialog_middle.gif]
[cdn.iolo.com/wp-content/uploads/images/misc/gray_dialog_bottom.gif]
[cdn.iolo.com/wp-content/uploads/images/misc/new-features-bg-530x250.jpg]
[cdn.iolo.com/wp-content/uploads/images/misc/bullet_link_right.png]
[cdn.iolo.com/wp-content/uploads/images/misc/bullet_link_down.png]
[cdn.iolo.com/wp-content/uploads/images/misc/gray_tool_box_top-530x5.gif]
[cdn.iolo.com/wp-content/uploads/images/misc/gray_tool_box_bottom-530x5.gif]
[cdn.iolo.com/wp-content/uploads/images/misc/gray_tool_box_middle-530x1.gif]
[cdn.iolo.com/wp-content/uploads/images/misc/G_module_box_heading_bg_middle.gif]
[cdn.iolo.com/wp-content/uploads/images/misc/G_modulebox_b.gif]
[cdn.iolo.com/wp-content/uploads/images/misc/th_bg.gif]
[cdn.iolo.com/wp-content/uploads/images/system-mechanic/SM11/checkmark-teal.jpg]
[cdn.iolo.com/wp-content/uploads/images/home-page/right_chevron.png]
[www.iolo.com/system-mechanic/standard/Images/sm11/iolo_main_button.png]
[cdn.iolo.com/wp-content/uploads/images/buttons/single_product_button.png]
[cdn.iolo.com/wp-content/uploads/images/system-mechanic-pro/SM11/checkmark-gold.jpg]
[cdn.iolo.com/wp-content/uploads/images/system-mechanic-pro/SM11/checkmark-black.jpg]
[cdn.iolo.com/wp-content/uploads/images/sub_bg.png]
[cdn.iolo.com/wp-content/uploads/images/products/product_body_sides.png]
[cdn.iolo.com/wp-content/uploads/images/home-page/iolo_main_button.png]
[cdn.iolo.com/wp-content/uploads/images/products/iolo_main_button_products.png]
[cdn.iolo.com/wp-content/uploads/images/misc/product_detail_top.png]
[cdn.iolo.com/wp-content/uploads/images/misc/product_detail_bottom.png]
[cdn.iolo.com/wp-content/uploads/images/misc/bullet_checkmark_green.png]
[cdn.iolo.com/content/themes/iolotheme/css/all-products5152.css]
[cdn.iolo.com/content/plugins/post-content-shortcodes/default-stylesf748.css]
[www.iolo.com/products/system-mechanic-professional/overview/index.html]
[www.iolo.com/products/system-mechanic-professional/overview/index.html]
[assets.pinterest.com/js/pinmarklet2a3b.js]
[w.sharethis.com/button/buttons.js]
[www.iolo.com/products/system-mechanic/new-features/index.html]
[www.iolo.com/products/system-mechanic/new-features/index.html]
[www.iolo.com/products/system-mechanic-professional/reviews/index.html]
[www.iolo.com/products/system-mechanic-professional/reviews/index.html]
[www.iolo.com/products/system-shield/overview/index.html]
[www.iolo.com/products/system-shield/overview/index.html]
[www.iolo.com/products/system-mechanic-business/for-your-business/index.html]
[www.iolo.com/products/system-mechanic-business/for-your-business/index.html]
[www.iolo.com/products/system-shield/reviews/index.html]
[www.iolo.com/products/system-shield/reviews/index.html]
[www.iolo.com/products/system-mechanic/sm/index.html]
[www.iolo.com/products/system-mechanic/sm/index.html]
[www.iolo.com/products/system-mechanic-professional/features/index.html]
[www.iolo.com/products/system-mechanic-professional/features/index.html]
[www.iolo.com/products/system-mechanic-professional/security/index.html]
[www.iolo.com/products/system-mechanic-professional/security/index.html]
[www.iolo.com/products/system-shield/features/index.html]
[www.iolo.com/products/system-shield/features/index.html]
[www.iolo.com/products/system-mechanic-business/technical-overview/index.html]
[www.iolo.com/products/system-mechanic-business/technical-overview/index.html]
[www.iolo.com/products/system-mechanic-business/reviews/index.html]
[www.iolo.com/products/system-mechanic-business/reviews/index.html]
[www.iolo.com/products/system-mechanic/reviews/index.html]
[www.iolo.com/products/system-mechanic/reviews/index.html]
[www.iolo.com/products/search-and-recover/overview/index.html]
[www.iolo.com/products/search-and-recover/overview/index.html]
[www.iolo.com/products/search-and-recover/overview/overview-2/index.html]
[www.iolo.com/products/search-and-recover/overview/overview-2/index.html]
[www.iolo.com/products/search-and-recover/features/index.html]
[www.iolo.com/products/search-and-recover/features/index.html]
[www.iolo.com/products/search-and-recover/features/features/index.html]
[www.iolo.com/products/search-and-recover/features/features/index.html]
[www.iolo.com/products/search-and-recover/reviews/index.html]
[www.iolo.com/products/search-and-recover/reviews/index.html]
[www.iolo.com/products/search-and-recover/reviews/reviews/index.html]
[www.iolo.com/products/search-and-recover/reviews/reviews/index.html]
[www.iolo.com/products/drivescrubber/overview/index.html]
[www.iolo.com/products/drivescrubber/overview/index.html]
[www.iolo.com/products/drivescrubber/overview/overview/index.html]
[www.iolo.com/products/drivescrubber/overview/overview/index.html]
[www.iolo.com/products/drivescrubber/features/index.html]
[www.iolo.com/products/drivescrubber/features/index.html]
[www.iolo.com/products/drivescrubber/features/features/index.html]
[www.iolo.com/products/drivescrubber/features/features/index.html]
[www.iolo.com/products/drivescrubber/reviews/index.html]
[www.iolo.com/products/drivescrubber/reviews/index.html]
[www.iolo.com/products/drivescrubber/reviews/reviews/index.html]
[www.iolo.com/products/drivescrubber/reviews/reviews/index.html]
